
> test
> node --test tests/*.test.js

TAP version 13
# Subtest: getStoredGrantState handles corrupt localStorage
ok 1 - getStoredGrantState handles corrupt localStorage
  ---
  duration_ms: 3.77158
  type: 'test'
  ...
# Subtest: getStoredGrantState handles malformed valid JSON
ok 2 - getStoredGrantState handles malformed valid JSON
  ---
  duration_ms: 0.549581
  type: 'test'
  ...
# Subtest: determineActionAndState: New payload generates new state
ok 3 - determineActionAndState: New payload generates new state
  ---
  duration_ms: 2.701115
  type: 'test'
  ...
# Subtest: determineActionAndState: Retains same ID when payload matches (pending state)
ok 4 - determineActionAndState: Retains same ID when payload matches (pending state)
  ---
  duration_ms: 0.345837
  type: 'test'
  ...
# Subtest: determineActionAndState: Generates new ID when payload changes (pending state)
ok 5 - determineActionAndState: Generates new ID when payload changes (pending state)
  ---
  duration_ms: 0.595299
  type: 'test'
  ...
# Subtest: determineActionAndState: Rejects changes if state is UNCERTAIN
ok 6 - determineActionAndState: Rejects changes if state is UNCERTAIN
  ---
  duration_ms: 0.323247
  type: 'test'
  ...
# Subtest: determineActionAndState: Allows retry with exact same payload if UNCERTAIN
ok 7 - determineActionAndState: Allows retry with exact same payload if UNCERTAIN
  ---
  duration_ms: 0.475253
  type: 'test'
  ...
# Subtest: handleBridgeReceipt: Clears state on ok === true
ok 8 - handleBridgeReceipt: Clears state on ok === true
  ---
  duration_ms: 0.459679
  type: 'test'
  ...
# Subtest: handleBridgeReceipt: Transitions to UNCERTAIN on lost/failed response
ok 9 - handleBridgeReceipt: Transitions to UNCERTAIN on lost/failed response
  ---
  duration_ms: 0.876208
  type: 'test'
  ...
# Subtest: UI Integration - Full Container Selection and Grant Workflow
not ok 10 - UI Integration - Full Container Selection and Grant Workflow
  ---
  duration_ms: 535.353193
  type: 'test'
  location: '/home/atobo/dune-awakening-selfhost-docker/runtime/addons/installed/dune-airdrop-addon/tests/ui_integration.test.js:8:1'
  failureType: 'testCodeFailure'
  error: 'localStorage is not available for opaque origins'
  code: 'ERR_TEST_FAILURE'
  ...
